// Jest Snapshot v1, https://goo.gl/fbAQLP

exports[`snapshot 1`] = `
<Layout>
  <Header />
  <Container>
    <div
      className="top"
      data-jsx={2780799137}
    >
      <Center
        direction="column"
      >
        <Title />
        <DemoVideo
          videoId="DsL9NC8cWVE"
        />
      </Center>
    </div>
    <Download />
    <div
      className="benefit row"
      data-jsx={2780799137}
    >
      <div
        className="text"
        data-jsx={2780799137}
      >
        <Center
          direction="column"
        >
          <h2
            data-jsx={2780799137}
          >
            マルチカラム
          </h2>
          <p
            data-jsx={2780799137}
          >
            ブックマークと新着イラストとランキング。 
            <br
              data-jsx={2780799137}
            />
            すべてを一度に閲覧できます。
          </p>
        </Center>
      </div>
      <video
        alt="https://gyazo.com/f34004a49651f2411902eeb3948b5280"
        autoPlay={true}
        data-jsx={2780799137}
        loop={true}
        muted={true}
        playsinline={true}
        width="504"
      >
        <source
          data-jsx={2780799137}
          src="https://i.gyazo.com/f34004a49651f2411902eeb3948b5280.mp4"
          type="video/mp4"
        />
      </video>
    </div>
    <div
      className="benefit"
      data-jsx={2780799137}
    >
      <div
        className="text"
        data-jsx={2780799137}
      >
        <Center
          direction="column"
        >
          <h2
            data-jsx={2780799137}
          >
            高度なフィルタ
          </h2>
          <p
            data-jsx={2780799137}
          >
            1000users入りの画像が見たい？ PixivDeckなら一瞬で切り替え。
            <br
              data-jsx={2780799137}
            />
            users入りタグが存在しない？
            <br
              data-jsx={2780799137}
            />
            大丈夫。ブックマーク数でフィルタ可能です
          </p>
        </Center>
      </div>
      <Center
        direction="row"
      >
        <video
          alt="https://gyazo.com/4ff409d148ef3b87be7413be8ca9e952"
          autoPlay={true}
          data-jsx={2780799137}
          loop={true}
          muted={true}
          playsinline={true}
          width="414"
        >
          <source
            data-jsx={2780799137}
            src="https://i.gyazo.com/4ff409d148ef3b87be7413be8ca9e952.mp4"
            type="video/mp4"
          />
        </video>
      </Center>
    </div>
    <div
      className="benefit row"
      data-jsx={2780799137}
    >
      <div
        className="text"
        data-jsx={2780799137}
      >
        <Center
          direction="column"
        >
          <h2
            data-jsx={2780799137}
          >
            ワンクリックブックマーク
          </h2>
          <p
            data-jsx={2780799137}
          >
            お気に入りのイラストを見つけたらワンクリックでブックマーク。
          </p>
        </Center>
      </div>
      <Center
        direction="row"
      >
        <video
          alt="https://gyazo.com/74579a531ef5a0a2e1c50ac79f203dc0"
          autoPlay={true}
          data-jsx={2780799137}
          loop={true}
          muted={true}
          playsinline={true}
          width="612"
        >
          <source
            data-jsx={2780799137}
            src="https://i.gyazo.com/74579a531ef5a0a2e1c50ac79f203dc0.mp4"
            type="video/mp4"
          />
        </video>
      </Center>
    </div>
    <div
      className="benefit"
      data-jsx={2780799137}
    >
      <div
        className="text"
        data-jsx={2780799137}
      >
        <h2
          data-jsx={2780799137}
        >
          他にもいろんな機能がたくさん
        </h2>
        <ul
          data-jsx={2780799137}
        >
          <li
            data-jsx={2780799137}
          >
            デスクトップ通知
          </li>
          <li
            data-jsx={2780799137}
          >
            オリジナルサイズの画像のダウンロード
          </li>
          <li
            data-jsx={2780799137}
          >
            閲覧履歴
          </li>
          <li
            data-jsx={2780799137}
          >
            NGキーワード
          </li>
          <li
            data-jsx={2780799137}
          >
            English サポート
          </li>
          <li
            data-jsx={2780799137}
          >
            自動アップデート
          </li>
        </ul>
      </div>
    </div>
    <div
      className="benefit row"
      data-jsx={2780799137}
    >
      <h2
        data-jsx={2780799137}
      >
        PixivDeckを入手
      </h2>
      <img
        className="logo"
        data-jsx={2780799137}
        src="/static/logo.png"
      />
      <Download />
    </div>
  </Container>
  <_class
    css=".logo[data-jsx=\\"2780799137\\"]{max-width:150px}ul[data-jsx=\\"2780799137\\"]{display:-webkit-box;display:-webkit-flex;display:-ms-flexbox;display:flex;-webkit-box-pack:center;-webkit-justify-content:center;-ms-flex-pack:center;justify-content:center;-webkit-flex-direction:column;-ms-flex-direction:column;flex-direction:column;font-size:16px;margin-left:60px}.top[data-jsx=\\"2780799137\\"]{margin-top:20px;margin-bottom:30px}.benefit[data-jsx=\\"2780799137\\"]{margin-top:100px;margin-bottom:40px;display:-webkit-box;display:-webkit-flex;display:-ms-flexbox;display:flex;-webkit-box-pack:center;-webkit-justify-content:center;-ms-flex-pack:center;justify-content:center;-webkit-flex-direction:row;-ms-flex-direction:row;flex-direction:row;-webkit-align-items:center;-webkit-box-align:center;-ms-flex-align:center;align-items:center}.benefit[data-jsx=\\"2780799137\\"]>*[data-jsx=\\"2780799137\\"]{margin-left:20px;margin-right:20px}.benefit[data-jsx=\\"2780799137\\"]:last-child{margin-bottom:180px}.row[data-jsx=\\"2780799137\\"]{-webkit-flex-direction:column;-ms-flex-direction:column;flex-direction:column}@media screen and (max-width:770px){.benefit[data-jsx=\\"2780799137\\"]{-webkit-flex-direction:column;-ms-flex-direction:column;flex-direction:column}}.row[data-jsx=\\"2780799137\\"] video[data-jsx=\\"2780799137\\"]{margin-left:20px;margin-right:20px;max-width:90%}.benefit[data-jsx=\\"2780799137\\"] h2[data-jsx=\\"2780799137\\"]{font-size:36px;margin-bottom:20px;font-weight:300;line-height:1.25}.benefit[data-jsx=\\"2780799137\\"] p[data-jsx=\\"2780799137\\"]{margin-bottom:30px}.text[data-jsx=\\"2780799137\\"]{margin:0 10px}.text[data-jsx=\\"2780799137\\"] p[data-jsx=\\"2780799137\\"]{font-size:14px}p[data-jsx=\\"2780799137\\"]{font-size:20px;color:#5a5252}"
    styleId={2780799137}
  />
</Layout>
`;
